// Jest Snapshot v1, https://goo.gl/fbAQLP

exports[`RATINGPOSTER SNAPSHOTS TESTS RatingPoster should not be changed 1`] = `
<div
  class="container ratingItem"
  data-testid="ratingPoster"
>
  <a
    href="/movies/1"
  >
    <div
      class="container__imageWrapper"
    >
      <img
        alt="зимородок"
        class="container__image"
        data-nimg="fill"
        decoding="async"
        loading="lazy"
        sizes="100vw"
        src="/_next/image?url=https%3A%2F%2Fthumbs.dfs.ivi.ru%2Fstorage6%2Fcontents%2Fe%2F0%2F08c76a2df45108ec28af6300cc5b93.jpg%2F304x620%2F%2F%3Fq%3D85&w=3840&q=75"
        srcset="/_next/image?url=https%3A%2F%2Fthumbs.dfs.ivi.ru%2Fstorage6%2Fcontents%2Fe%2F0%2F08c76a2df45108ec28af6300cc5b93.jpg%2F304x620%2F%2F%3Fq%3D85&w=640&q=75 640w, /_next/image?url=https%3A%2F%2Fthumbs.dfs.ivi.ru%2Fstorage6%2Fcontents%2Fe%2F0%2F08c76a2df45108ec28af6300cc5b93.jpg%2F304x620%2F%2F%3Fq%3D85&w=750&q=75 750w, /_next/image?url=https%3A%2F%2Fthumbs.dfs.ivi.ru%2Fstorage6%2Fcontents%2Fe%2F0%2F08c76a2df45108ec28af6300cc5b93.jpg%2F304x620%2F%2F%3Fq%3D85&w=828&q=75 828w, /_next/image?url=https%3A%2F%2Fthumbs.dfs.ivi.ru%2Fstorage6%2Fcontents%2Fe%2F0%2F08c76a2df45108ec28af6300cc5b93.jpg%2F304x620%2F%2F%3Fq%3D85&w=1080&q=75 1080w, /_next/image?url=https%3A%2F%2Fthumbs.dfs.ivi.ru%2Fstorage6%2Fcontents%2Fe%2F0%2F08c76a2df45108ec28af6300cc5b93.jpg%2F304x620%2F%2F%3Fq%3D85&w=1200&q=75 1200w, /_next/image?url=https%3A%2F%2Fthumbs.dfs.ivi.ru%2Fstorage6%2Fcontents%2Fe%2F0%2F08c76a2df45108ec28af6300cc5b93.jpg%2F304x620%2F%2F%3Fq%3D85&w=1920&q=75 1920w, /_next/image?url=https%3A%2F%2Fthumbs.dfs.ivi.ru%2Fstorage6%2Fcontents%2Fe%2F0%2F08c76a2df45108ec28af6300cc5b93.jpg%2F304x620%2F%2F%3Fq%3D85&w=2048&q=75 2048w, /_next/image?url=https%3A%2F%2Fthumbs.dfs.ivi.ru%2Fstorage6%2Fcontents%2Fe%2F0%2F08c76a2df45108ec28af6300cc5b93.jpg%2F304x620%2F%2F%3Fq%3D85&w=3840&q=75 3840w"
        style="position: absolute; height: 100%; width: 100%; left: 0px; top: 0px; right: 0px; bottom: 0px; color: transparent;"
      />
      <div
        class="container__fadeArea"
      />
    </div>
    <div
      class="container__content"
    >
      <div
        class="container__fadeArea"
      />
      <div
        class="container__logoWrapper"
      >
        <img
          alt="зимородок"
          class="container__logo"
          data-nimg="1"
          decoding="async"
          height="40"
          loading="lazy"
          src="/_next/image?url=https%3A%2F%2Fthumbs.dfs.ivi.ru%2Fstorage4%2Fcontents%2Fb%2F3%2F826ab6a9a975f9919837f0d17ba642.png%2Fx200%2F%3Fq%3D85&w=384&q=75"
          srcset="/_next/image?url=https%3A%2F%2Fthumbs.dfs.ivi.ru%2Fstorage4%2Fcontents%2Fb%2F3%2F826ab6a9a975f9919837f0d17ba642.png%2Fx200%2F%3Fq%3D85&w=256&q=75 1x, /_next/image?url=https%3A%2F%2Fthumbs.dfs.ivi.ru%2Fstorage4%2Fcontents%2Fb%2F3%2F826ab6a9a975f9919837f0d17ba642.png%2Fx200%2F%3Fq%3D85&w=384&q=75 2x"
          style="color: transparent;"
          width="153"
        />
      </div>
      <div
        class="container__numberWrapper"
      >
        <img
          alt="1"
          class="container__placeNumber"
          data-nimg="1"
          decoding="async"
          height="66"
          loading="lazy"
          src="https://solea-parent.dfs.ivi.ru/picture/bypass/number1.svg"
          style="color: transparent;"
          width="48"
        />
      </div>
    </div>
  </a>
</div>
`;
