// Jest Snapshot v1, https://goo.gl/fbAQLP

exports[`TabBarLinkUI SNAPSHOT TEST TabBarLinkUI should not be changed 1`] = `
<a
  class="container container_selected"
  href=""
  id="tab-item"
>
  <div
    class="container__itemGlow"
  />
  <div
    class="container__itemIcon"
  >
    <img
      alt="Иконка Каталог"
      data-nimg="1"
      decoding="async"
      height="20"
      loading="lazy"
      src="/_next/image?url=%2Fimg.jpg&w=48&q=75"
      srcset="/_next/image?url=%2Fimg.jpg&w=32&q=75 1x, /_next/image?url=%2Fimg.jpg&w=48&q=75 2x"
      style="color: transparent;"
      width="20"
    />
  </div>
  <div
    class="container__itemCaption"
  >
    Каталог
  </div>
</a>
`;
