// Jest Snapshot v1, https://goo.gl/fbAQLP

exports[`UNDERLINEDLINK SNAPSHOTS TESTS UnderlinedLink should not be changed 1`] = `
<a
  class="link"
  href="/"
>
  text
</a>
`;
