// Jest Snapshot v1, https://goo.gl/fbAQLP

exports[`SLIDER SNAPSHOTS TESTS Slider should not be changed 1`] = `
<div
  class="jsx-687504307 container container_other"
  data-testid="slider"
>
  <div
    class="jsx-687504307 container__contentContainer"
  >
    <div
      class="jsx-687504307 container__content content"
    >
      <div>
        <img
          alt="Img"
          data-nimg="1"
          decoding="async"
          height="25"
          loading="lazy"
          src="/_next/image?url=%2Fimg.jpg&w=64&q=75"
          srcset="/_next/image?url=%2Fimg.jpg&w=32&q=75 1x, /_next/image?url=%2Fimg.jpg&w=64&q=75 2x"
          style="color: transparent;"
          width="25"
        />
        <img
          alt="Img"
          data-nimg="1"
          decoding="async"
          height="25"
          loading="lazy"
          src="/_next/image?url=%2Fimg.jpg&w=64&q=75"
          srcset="/_next/image?url=%2Fimg.jpg&w=32&q=75 1x, /_next/image?url=%2Fimg.jpg&w=64&q=75 2x"
          style="color: transparent;"
          width="25"
        />
        <img
          alt="Img"
          data-nimg="1"
          decoding="async"
          height="25"
          loading="lazy"
          src="/_next/image?url=%2Fimg.jpg&w=64&q=75"
          srcset="/_next/image?url=%2Fimg.jpg&w=32&q=75 1x, /_next/image?url=%2Fimg.jpg&w=64&q=75 2x"
          style="color: transparent;"
          width="25"
        />
        <img
          alt="Img"
          data-nimg="1"
          decoding="async"
          height="25"
          loading="lazy"
          src="/_next/image?url=%2Fimg.jpg&w=64&q=75"
          srcset="/_next/image?url=%2Fimg.jpg&w=32&q=75 1x, /_next/image?url=%2Fimg.jpg&w=64&q=75 2x"
          style="color: transparent;"
          width="25"
        />
        <img
          alt="Img"
          data-nimg="1"
          decoding="async"
          height="25"
          loading="lazy"
          src="/_next/image?url=%2Fimg.jpg&w=64&q=75"
          srcset="/_next/image?url=%2Fimg.jpg&w=32&q=75 1x, /_next/image?url=%2Fimg.jpg&w=64&q=75 2x"
          style="color: transparent;"
          width="25"
        />
        <img
          alt="Img"
          data-nimg="1"
          decoding="async"
          height="25"
          loading="lazy"
          src="/_next/image?url=%2Fimg.jpg&w=64&q=75"
          srcset="/_next/image?url=%2Fimg.jpg&w=32&q=75 1x, /_next/image?url=%2Fimg.jpg&w=64&q=75 2x"
          style="color: transparent;"
          width="25"
        />
      </div>
    </div>
  </div>
  <button
    class="button container__button container__button_right"
  >
    <img
      alt=""
      class="icon icon"
      data-nimg="1"
      decoding="async"
      height="40"
      loading="lazy"
      src="/_next/image?url=%2Fimg.jpg&w=48&q=75"
      srcset="/_next/image?url=%2Fimg.jpg&w=32&q=75 1x, /_next/image?url=%2Fimg.jpg&w=48&q=75 2x"
      style="color: transparent;"
      width="20"
    />
  </button>
</div>
`;
