// Jest Snapshot v1, https://goo.gl/fbAQLP

exports[`EDITFORM SNAPSHOTS TESTS EditForm should not be changed 1`] = `
<div
  class="container container_visible"
  data-testid="editForm"
>
  <div
    class="container__form"
  >
    <button
      class="container__deleteButton"
    >
      <img
        alt="Кнопка удаления"
        data-nimg="1"
        decoding="async"
        height="20"
        loading="lazy"
        src="/_next/image?url=%2Fimg.jpg&w=48&q=75"
        srcset="/_next/image?url=%2Fimg.jpg&w=32&q=75 1x, /_next/image?url=%2Fimg.jpg&w=48&q=75 2x"
        style="color: transparent;"
        width="20"
      />
    </button>
    <div
      class="container__field container__field_first"
    >
      <label
        for="id"
      >
        ID
      </label>
      <input
        disabled=""
        id="id"
        type="text"
        value="1"
      />
    </div>
    <div
      class="container__field"
    >
      <label
        for="name-rus"
      >
        editing.ruName
      </label>
      <input
        disabled=""
        id="name-rus"
        type="text"
        value="Название"
      />
    </div>
    <div
      class="container__field"
    >
      <label
        for="name-en"
      >
        editing.enName
      </label>
      <input
        disabled=""
        id="name-en"
        type="text"
        value="Name"
      />
    </div>
    <button
      class="button button_faded container__editButton"
      type="button"
    >
      <img
        alt="Кнопка редактирования и удаления"
        data-nimg="1"
        decoding="async"
        height="20"
        loading="lazy"
        src="/_next/image?url=%2Fimg.jpg&w=48&q=75"
        srcset="/_next/image?url=%2Fimg.jpg&w=32&q=75 1x, /_next/image?url=%2Fimg.jpg&w=48&q=75 2x"
        style="color: transparent;"
        width="20"
      />
    </button>
    <button
      class="button button_small container__saveButton"
      type="button"
    >
      editing.saveButton
    </button>
  </div>
</div>
`;
