// Jest Snapshot v1, https://goo.gl/fbAQLP

exports[`ARROWEDLINK SNAPSHOTS TESTS ArrowedLink should not be changed 1`] = `
<a
  class="link"
  href="/"
>
  <h3>
    text
  </h3>
  <img
    alt=""
    class="arrow"
    data-nimg="1"
    decoding="async"
    height="40"
    loading="lazy"
    src="/_next/image?url=%2Fimg.jpg&w=96&q=75"
    srcset="/_next/image?url=%2Fimg.jpg&w=48&q=75 1x, /_next/image?url=%2Fimg.jpg&w=96&q=75 2x"
    style="color: transparent;"
    width="40"
  />
</a>
`;
